// Jest Snapshot v1, https://goo.gl/fbAQLP

exports[`Snapshot do usu√°rio 1`] = `
{
  "id": 1,
  "name": "Alice",
}
`;
